main.c:101:5:main	8	static
main.c:193:6:SystemClock_Config	72	static
main.c:229:13:MX_TIM2_Init	32	static
main.c:274:13:MX_GPIO_Init	32	static
main.c:323:6:display7SEG	24	static
main.c:330:6:update7SEG	16	static
main.c:336:6:updateLEDMatrixBuffer	24	static
main.c:342:6:updateLEDMatrix	24	static
main.c:352:6:shiftLeftMatrix	24	static
main.c:370:6:updateClockBuffer	4	static
main.c:377:6:setTimer	16	static
main.c:382:6:timer_run	16	static
main.c:393:6:HAL_TIM_PeriodElapsedCallback	16	static
main.c:402:6:Error_Handler	4	static,ignoring_inline_asm
